  Game.cpp
G:\git\COMP3000\Exit Strategy\Exit Strategy\Game.cpp(288,18): warning C4305: 'initializing': truncation from 'double' to 'float'
G:\git\COMP3000\Exit Strategy\Exit Strategy\Game.cpp(288,22): warning C4305: 'initializing': truncation from 'double' to 'float'
G:\git\COMP3000\Exit Strategy\Exit Strategy\Game.cpp(288,26): warning C4305: 'initializing': truncation from 'double' to 'float'
G:\git\COMP3000\Exit Strategy\Exit Strategy\Game.cpp(288,40): warning C4305: 'initializing': truncation from 'double' to 'float'
G:\git\COMP3000\Exit Strategy\Exit Strategy\Game.cpp(288,44): warning C4305: 'initializing': truncation from 'double' to 'float'
G:\git\COMP3000\Exit Strategy\Exit Strategy\Game.cpp(288,48): warning C4305: 'initializing': truncation from 'double' to 'float'
G:\git\COMP3000\Exit Strategy\Exit Strategy\Game.cpp(288,62): warning C4305: 'initializing': truncation from 'double' to 'float'
G:\git\COMP3000\Exit Strategy\Exit Strategy\Game.cpp(288,66): warning C4305: 'initializing': truncation from 'double' to 'float'
G:\git\COMP3000\Exit Strategy\Exit Strategy\Game.cpp(288,70): warning C4305: 'initializing': truncation from 'double' to 'float'
G:\git\COMP3000\Exit Strategy\Exit Strategy\Game.cpp(289,18): warning C4305: 'initializing': truncation from 'double' to 'float'
G:\git\COMP3000\Exit Strategy\Exit Strategy\Game.cpp(289,22): warning C4305: 'initializing': truncation from 'double' to 'float'
G:\git\COMP3000\Exit Strategy\Exit Strategy\Game.cpp(289,26): warning C4305: 'initializing': truncation from 'double' to 'float'
G:\git\COMP3000\Exit Strategy\Exit Strategy\Game.cpp(289,40): warning C4305: 'initializing': truncation from 'double' to 'float'
G:\git\COMP3000\Exit Strategy\Exit Strategy\Game.cpp(289,44): warning C4305: 'initializing': truncation from 'double' to 'float'
G:\git\COMP3000\Exit Strategy\Exit Strategy\Game.cpp(289,48): warning C4305: 'initializing': truncation from 'double' to 'float'
G:\git\COMP3000\Exit Strategy\Exit Strategy\Game.cpp(289,62): warning C4305: 'initializing': truncation from 'double' to 'float'
G:\git\COMP3000\Exit Strategy\Exit Strategy\Game.cpp(289,66): warning C4305: 'initializing': truncation from 'double' to 'float'
G:\git\COMP3000\Exit Strategy\Exit Strategy\Game.cpp(289,70): warning C4305: 'initializing': truncation from 'double' to 'float'
G:\git\COMP3000\Exit Strategy\Exit Strategy\Game.cpp(311,20): warning C4305: 'initializing': truncation from 'double' to 'float'
G:\git\COMP3000\Exit Strategy\Exit Strategy\Game.cpp(311,23): warning C4305: 'initializing': truncation from 'double' to 'float'
G:\git\COMP3000\Exit Strategy\Exit Strategy\Game.cpp(311,26): warning C4305: 'initializing': truncation from 'double' to 'float'
G:\git\COMP3000\Exit Strategy\Exit Strategy\Game.cpp(311,41): warning C4305: 'initializing': truncation from 'double' to 'float'
G:\git\COMP3000\Exit Strategy\Exit Strategy\Game.cpp(311,44): warning C4305: 'initializing': truncation from 'double' to 'float'
G:\git\COMP3000\Exit Strategy\Exit Strategy\Game.cpp(311,47): warning C4305: 'initializing': truncation from 'double' to 'float'
G:\git\COMP3000\Exit Strategy\Exit Strategy\Game.cpp(311,62): warning C4305: 'initializing': truncation from 'double' to 'float'
G:\git\COMP3000\Exit Strategy\Exit Strategy\Game.cpp(311,65): warning C4305: 'initializing': truncation from 'double' to 'float'
G:\git\COMP3000\Exit Strategy\Exit Strategy\Game.cpp(311,68): warning C4305: 'initializing': truncation from 'double' to 'float'
G:\git\COMP3000\Exit Strategy\Exit Strategy\Game.cpp(312,20): warning C4305: 'initializing': truncation from 'double' to 'float'
G:\git\COMP3000\Exit Strategy\Exit Strategy\Game.cpp(312,23): warning C4305: 'initializing': truncation from 'double' to 'float'
G:\git\COMP3000\Exit Strategy\Exit Strategy\Game.cpp(312,26): warning C4305: 'initializing': truncation from 'double' to 'float'
G:\git\COMP3000\Exit Strategy\Exit Strategy\Game.cpp(312,41): warning C4305: 'initializing': truncation from 'double' to 'float'
G:\git\COMP3000\Exit Strategy\Exit Strategy\Game.cpp(312,44): warning C4305: 'initializing': truncation from 'double' to 'float'
G:\git\COMP3000\Exit Strategy\Exit Strategy\Game.cpp(312,47): warning C4305: 'initializing': truncation from 'double' to 'float'
G:\git\COMP3000\Exit Strategy\Exit Strategy\Game.cpp(312,62): warning C4305: 'initializing': truncation from 'double' to 'float'
G:\git\COMP3000\Exit Strategy\Exit Strategy\Game.cpp(312,65): warning C4305: 'initializing': truncation from 'double' to 'float'
G:\git\COMP3000\Exit Strategy\Exit Strategy\Game.cpp(312,68): warning C4305: 'initializing': truncation from 'double' to 'float'
G:\git\COMP3000\Exit Strategy\Exit Strategy\Game.cpp(314,20): warning C4305: 'initializing': truncation from 'double' to 'float'
G:\git\COMP3000\Exit Strategy\Exit Strategy\Game.cpp(314,23): warning C4305: 'initializing': truncation from 'double' to 'float'
G:\git\COMP3000\Exit Strategy\Exit Strategy\Game.cpp(314,26): warning C4305: 'initializing': truncation from 'double' to 'float'
G:\git\COMP3000\Exit Strategy\Exit Strategy\Game.cpp(314,41): warning C4305: 'initializing': truncation from 'double' to 'float'
G:\git\COMP3000\Exit Strategy\Exit Strategy\Game.cpp(314,44): warning C4305: 'initializing': truncation from 'double' to 'float'
G:\git\COMP3000\Exit Strategy\Exit Strategy\Game.cpp(314,47): warning C4305: 'initializing': truncation from 'double' to 'float'
G:\git\COMP3000\Exit Strategy\Exit Strategy\Game.cpp(314,62): warning C4305: 'initializing': truncation from 'double' to 'float'
G:\git\COMP3000\Exit Strategy\Exit Strategy\Game.cpp(314,65): warning C4305: 'initializing': truncation from 'double' to 'float'
G:\git\COMP3000\Exit Strategy\Exit Strategy\Game.cpp(314,68): warning C4305: 'initializing': truncation from 'double' to 'float'
G:\git\COMP3000\Exit Strategy\Exit Strategy\Game.cpp(315,20): warning C4305: 'initializing': truncation from 'double' to 'float'
G:\git\COMP3000\Exit Strategy\Exit Strategy\Game.cpp(315,23): warning C4305: 'initializing': truncation from 'double' to 'float'
G:\git\COMP3000\Exit Strategy\Exit Strategy\Game.cpp(315,26): warning C4305: 'initializing': truncation from 'double' to 'float'
G:\git\COMP3000\Exit Strategy\Exit Strategy\Game.cpp(315,41): warning C4305: 'initializing': truncation from 'double' to 'float'
G:\git\COMP3000\Exit Strategy\Exit Strategy\Game.cpp(315,44): warning C4305: 'initializing': truncation from 'double' to 'float'
G:\git\COMP3000\Exit Strategy\Exit Strategy\Game.cpp(315,47): warning C4305: 'initializing': truncation from 'double' to 'float'
G:\git\COMP3000\Exit Strategy\Exit Strategy\Game.cpp(315,62): warning C4305: 'initializing': truncation from 'double' to 'float'
G:\git\COMP3000\Exit Strategy\Exit Strategy\Game.cpp(315,65): warning C4305: 'initializing': truncation from 'double' to 'float'
G:\git\COMP3000\Exit Strategy\Exit Strategy\Game.cpp(315,68): warning C4305: 'initializing': truncation from 'double' to 'float'
G:\git\COMP3000\Exit Strategy\Exit Strategy\Game.cpp(317,20): warning C4305: 'initializing': truncation from 'double' to 'float'
G:\git\COMP3000\Exit Strategy\Exit Strategy\Game.cpp(317,23): warning C4305: 'initializing': truncation from 'double' to 'float'
G:\git\COMP3000\Exit Strategy\Exit Strategy\Game.cpp(317,26): warning C4305: 'initializing': truncation from 'double' to 'float'
G:\git\COMP3000\Exit Strategy\Exit Strategy\Game.cpp(317,41): warning C4305: 'initializing': truncation from 'double' to 'float'
G:\git\COMP3000\Exit Strategy\Exit Strategy\Game.cpp(317,44): warning C4305: 'initializing': truncation from 'double' to 'float'
G:\git\COMP3000\Exit Strategy\Exit Strategy\Game.cpp(317,47): warning C4305: 'initializing': truncation from 'double' to 'float'
G:\git\COMP3000\Exit Strategy\Exit Strategy\Game.cpp(317,62): warning C4305: 'initializing': truncation from 'double' to 'float'
G:\git\COMP3000\Exit Strategy\Exit Strategy\Game.cpp(317,65): warning C4305: 'initializing': truncation from 'double' to 'float'
G:\git\COMP3000\Exit Strategy\Exit Strategy\Game.cpp(317,68): warning C4305: 'initializing': truncation from 'double' to 'float'
G:\git\COMP3000\Exit Strategy\Exit Strategy\Game.cpp(318,20): warning C4305: 'initializing': truncation from 'double' to 'float'
G:\git\COMP3000\Exit Strategy\Exit Strategy\Game.cpp(318,23): warning C4305: 'initializing': truncation from 'double' to 'float'
G:\git\COMP3000\Exit Strategy\Exit Strategy\Game.cpp(318,26): warning C4305: 'initializing': truncation from 'double' to 'float'
G:\git\COMP3000\Exit Strategy\Exit Strategy\Game.cpp(318,41): warning C4305: 'initializing': truncation from 'double' to 'float'
G:\git\COMP3000\Exit Strategy\Exit Strategy\Game.cpp(318,44): warning C4305: 'initializing': truncation from 'double' to 'float'
G:\git\COMP3000\Exit Strategy\Exit Strategy\Game.cpp(318,47): warning C4305: 'initializing': truncation from 'double' to 'float'
G:\git\COMP3000\Exit Strategy\Exit Strategy\Game.cpp(318,62): warning C4305: 'initializing': truncation from 'double' to 'float'
G:\git\COMP3000\Exit Strategy\Exit Strategy\Game.cpp(318,65): warning C4305: 'initializing': truncation from 'double' to 'float'
G:\git\COMP3000\Exit Strategy\Exit Strategy\Game.cpp(318,68): warning C4305: 'initializing': truncation from 'double' to 'float'
G:\git\COMP3000\Exit Strategy\Exit Strategy\Game.cpp(320,20): warning C4305: 'initializing': truncation from 'double' to 'float'
G:\git\COMP3000\Exit Strategy\Exit Strategy\Game.cpp(320,23): warning C4305: 'initializing': truncation from 'double' to 'float'
G:\git\COMP3000\Exit Strategy\Exit Strategy\Game.cpp(320,26): warning C4305: 'initializing': truncation from 'double' to 'float'
G:\git\COMP3000\Exit Strategy\Exit Strategy\Game.cpp(320,41): warning C4305: 'initializing': truncation from 'double' to 'float'
G:\git\COMP3000\Exit Strategy\Exit Strategy\Game.cpp(320,44): warning C4305: 'initializing': truncation from 'double' to 'float'
G:\git\COMP3000\Exit Strategy\Exit Strategy\Game.cpp(320,47): warning C4305: 'initializing': truncation from 'double' to 'float'
G:\git\COMP3000\Exit Strategy\Exit Strategy\Game.cpp(320,62): warning C4305: 'initializing': truncation from 'double' to 'float'
G:\git\COMP3000\Exit Strategy\Exit Strategy\Game.cpp(320,65): warning C4305: 'initializing': truncation from 'double' to 'float'
G:\git\COMP3000\Exit Strategy\Exit Strategy\Game.cpp(320,68): warning C4305: 'initializing': truncation from 'double' to 'float'
G:\git\COMP3000\Exit Strategy\Exit Strategy\Game.cpp(321,20): warning C4305: 'initializing': truncation from 'double' to 'float'
G:\git\COMP3000\Exit Strategy\Exit Strategy\Game.cpp(321,23): warning C4305: 'initializing': truncation from 'double' to 'float'
G:\git\COMP3000\Exit Strategy\Exit Strategy\Game.cpp(321,26): warning C4305: 'initializing': truncation from 'double' to 'float'
G:\git\COMP3000\Exit Strategy\Exit Strategy\Game.cpp(321,41): warning C4305: 'initializing': truncation from 'double' to 'float'
G:\git\COMP3000\Exit Strategy\Exit Strategy\Game.cpp(321,44): warning C4305: 'initializing': truncation from 'double' to 'float'
G:\git\COMP3000\Exit Strategy\Exit Strategy\Game.cpp(321,47): warning C4305: 'initializing': truncation from 'double' to 'float'
G:\git\COMP3000\Exit Strategy\Exit Strategy\Game.cpp(321,62): warning C4305: 'initializing': truncation from 'double' to 'float'
G:\git\COMP3000\Exit Strategy\Exit Strategy\Game.cpp(321,65): warning C4305: 'initializing': truncation from 'double' to 'float'
G:\git\COMP3000\Exit Strategy\Exit Strategy\Game.cpp(321,68): warning C4305: 'initializing': truncation from 'double' to 'float'
G:\git\COMP3000\Exit Strategy\Exit Strategy\Game.cpp(323,21): warning C4305: 'initializing': truncation from 'double' to 'float'
G:\git\COMP3000\Exit Strategy\Exit Strategy\Game.cpp(323,24): warning C4305: 'initializing': truncation from 'double' to 'float'
G:\git\COMP3000\Exit Strategy\Exit Strategy\Game.cpp(323,27): warning C4305: 'initializing': truncation from 'double' to 'float'
G:\git\COMP3000\Exit Strategy\Exit Strategy\Game.cpp(323,42): warning C4305: 'initializing': truncation from 'double' to 'float'
G:\git\COMP3000\Exit Strategy\Exit Strategy\Game.cpp(323,45): warning C4305: 'initializing': truncation from 'double' to 'float'
G:\git\COMP3000\Exit Strategy\Exit Strategy\Game.cpp(323,48): warning C4305: 'initializing': truncation from 'double' to 'float'
G:\git\COMP3000\Exit Strategy\Exit Strategy\Game.cpp(323,63): warning C4305: 'initializing': truncation from 'double' to 'float'
G:\git\COMP3000\Exit Strategy\Exit Strategy\Game.cpp(323,66): warning C4305: 'initializing': truncation from 'double' to 'float'
G:\git\COMP3000\Exit Strategy\Exit Strategy\Game.cpp(323,69): warning C4305: 'initializing': truncation from 'double' to 'float'
G:\git\COMP3000\Exit Strategy\Exit Strategy\Game.cpp(324,21): warning C4305: 'initializing': truncation from 'double' to 'float'
G:\git\COMP3000\Exit Strategy\Exit Strategy\Game.cpp(324,24): warning C4305: 'initializing': truncation from 'double' to 'float'
G:\git\COMP3000\Exit Strategy\Exit Strategy\Game.cpp(324,27): warning C4305: 'initializing': truncation from 'double' to 'float'
G:\git\COMP3000\Exit Strategy\Exit Strategy\Game.cpp(324,42): warning C4305: 'initializing': truncation from 'double' to 'float'
G:\git\COMP3000\Exit Strategy\Exit Strategy\Game.cpp(324,45): warning C4305: 'initializing': truncation from 'double' to 'float'
G:\git\COMP3000\Exit Strategy\Exit Strategy\Game.cpp(324,48): warning C4305: 'initializing': truncation from 'double' to 'float'
G:\git\COMP3000\Exit Strategy\Exit Strategy\Game.cpp(324,63): warning C4305: 'initializing': truncation from 'double' to 'float'
G:\git\COMP3000\Exit Strategy\Exit Strategy\Game.cpp(324,66): warning C4305: 'initializing': truncation from 'double' to 'float'
G:\git\COMP3000\Exit Strategy\Exit Strategy\Game.cpp(324,69): warning C4305: 'initializing': truncation from 'double' to 'float'
G:\git\COMP3000\Exit Strategy\Exit Strategy\Game.cpp(326,21): warning C4305: 'initializing': truncation from 'double' to 'float'
G:\git\COMP3000\Exit Strategy\Exit Strategy\Game.cpp(326,24): warning C4305: 'initializing': truncation from 'double' to 'float'
G:\git\COMP3000\Exit Strategy\Exit Strategy\Game.cpp(326,27): warning C4305: 'initializing': truncation from 'double' to 'float'
G:\git\COMP3000\Exit Strategy\Exit Strategy\Game.cpp(326,42): warning C4305: 'initializing': truncation from 'double' to 'float'
G:\git\COMP3000\Exit Strategy\Exit Strategy\Game.cpp(326,45): warning C4305: 'initializing': truncation from 'double' to 'float'
G:\git\COMP3000\Exit Strategy\Exit Strategy\Game.cpp(326,48): warning C4305: 'initializing': truncation from 'double' to 'float'
G:\git\COMP3000\Exit Strategy\Exit Strategy\Game.cpp(326,63): warning C4305: 'initializing': truncation from 'double' to 'float'
G:\git\COMP3000\Exit Strategy\Exit Strategy\Game.cpp(326,66): warning C4305: 'initializing': truncation from 'double' to 'float'
G:\git\COMP3000\Exit Strategy\Exit Strategy\Game.cpp(326,69): warning C4305: 'initializing': truncation from 'double' to 'float'
G:\git\COMP3000\Exit Strategy\Exit Strategy\Game.cpp(327,21): warning C4305: 'initializing': truncation from 'double' to 'float'
G:\git\COMP3000\Exit Strategy\Exit Strategy\Game.cpp(327,24): warning C4305: 'initializing': truncation from 'double' to 'float'
G:\git\COMP3000\Exit Strategy\Exit Strategy\Game.cpp(327,27): warning C4305: 'initializing': truncation from 'double' to 'float'
G:\git\COMP3000\Exit Strategy\Exit Strategy\Game.cpp(327,42): warning C4305: 'initializing': truncation from 'double' to 'float'
G:\git\COMP3000\Exit Strategy\Exit Strategy\Game.cpp(327,45): warning C4305: 'initializing': truncation from 'double' to 'float'
G:\git\COMP3000\Exit Strategy\Exit Strategy\Game.cpp(327,48): warning C4305: 'initializing': truncation from 'double' to 'float'
G:\git\COMP3000\Exit Strategy\Exit Strategy\Game.cpp(327,63): warning C4305: 'initializing': truncation from 'double' to 'float'
G:\git\COMP3000\Exit Strategy\Exit Strategy\Game.cpp(327,66): warning C4305: 'initializing': truncation from 'double' to 'float'
G:\git\COMP3000\Exit Strategy\Exit Strategy\Game.cpp(327,69): warning C4305: 'initializing': truncation from 'double' to 'float'
  Map.cpp
  UI.cpp
  Generating Code...
  Exit Strategy.vcxproj -> G:\git\COMP3000\Exit Strategy\x64\Debug\Exit Strategy.exe
  'pwsh.exe' is not recognized as an internal or external command,
  operable program or batch file.
