g:\git\comp3000\exit strategy\exit strategy\x64\debug\vc143.pdb
g:\git\comp3000\exit strategy\exit strategy\x64\debug\vc143.idb
g:\git\comp3000\exit strategy\exit strategy\x64\debug\ui.obj
g:\git\comp3000\exit strategy\exit strategy\x64\debug\map.obj
g:\git\comp3000\exit strategy\exit strategy\x64\debug\main.obj
g:\git\comp3000\exit strategy\exit strategy\x64\debug\guard.obj
g:\git\comp3000\exit strategy\exit strategy\x64\debug\game.obj
g:\git\comp3000\exit strategy\x64\debug\tinyxml2.dll
g:\git\comp3000\exit strategy\x64\debug\assimp-vc143-mtd.dll
g:\git\comp3000\exit strategy\x64\debug\poly2tri.dll
g:\git\comp3000\exit strategy\x64\debug\minizip.dll
g:\git\comp3000\exit strategy\x64\debug\zlibd1.dll
g:\git\comp3000\exit strategy\x64\debug\kubazip.dll
g:\git\comp3000\exit strategy\x64\debug\pugixml.dll
g:\git\comp3000\exit strategy\exit strategy\x64\debug\exit strategy.ilk
g:\git\comp3000\exit strategy\x64\debug\exit strategy.pdb
g:\git\comp3000\exit strategy\exit strategy\x64\debug\exit strategy.tlog\cl.command.1.tlog
g:\git\comp3000\exit strategy\exit strategy\x64\debug\exit strategy.tlog\cl.items.tlog
g:\git\comp3000\exit strategy\exit strategy\x64\debug\exit strategy.tlog\cl.read.1.tlog
g:\git\comp3000\exit strategy\exit strategy\x64\debug\exit strategy.tlog\cl.write.1.tlog
g:\git\comp3000\exit strategy\exit strategy\x64\debug\exit strategy.tlog\exit strategy.write.1u.tlog
g:\git\comp3000\exit strategy\exit strategy\x64\debug\exit strategy.tlog\link.31448-cvtres.read.1.tlog
g:\git\comp3000\exit strategy\exit strategy\x64\debug\exit strategy.tlog\link.31448-cvtres.write.1.tlog
g:\git\comp3000\exit strategy\exit strategy\x64\debug\exit strategy.tlog\link.31448-rc.read.1.tlog
g:\git\comp3000\exit strategy\exit strategy\x64\debug\exit strategy.tlog\link.31448-rc.write.1.tlog
g:\git\comp3000\exit strategy\exit strategy\x64\debug\exit strategy.tlog\link.31448.read.1.tlog
g:\git\comp3000\exit strategy\exit strategy\x64\debug\exit strategy.tlog\link.31448.read.2.tlog
g:\git\comp3000\exit strategy\exit strategy\x64\debug\exit strategy.tlog\link.31448.read.3.tlog
g:\git\comp3000\exit strategy\exit strategy\x64\debug\exit strategy.tlog\link.31448.read.4.tlog
g:\git\comp3000\exit strategy\exit strategy\x64\debug\exit strategy.tlog\link.31448.write.1.tlog
g:\git\comp3000\exit strategy\exit strategy\x64\debug\exit strategy.tlog\link.command.1.tlog
g:\git\comp3000\exit strategy\exit strategy\x64\debug\exit strategy.tlog\link.read.1.tlog
g:\git\comp3000\exit strategy\exit strategy\x64\debug\exit strategy.tlog\link.secondary.1.tlog
g:\git\comp3000\exit strategy\exit strategy\x64\debug\exit strategy.tlog\link.write.1.tlog
